// Jest Snapshot v1, https://goo.gl/fbAQLP

exports[`Test o <TodoList /> should show correctly 1`] = `
<ul
  className="bg-white rounded-lg w-full text-gray-900"
>
  <TodoListItem
    handleDelete={[MockFunction]}
    handleToggle={[MockFunction]}
    index={0}
    key="1"
    todo={
      Object {
        "desc": "Learn React",
        "done": false,
        "id": 1,
      }
    }
  />
  <TodoListItem
    handleDelete={[MockFunction]}
    handleToggle={[MockFunction]}
    index={1}
    key="2"
    todo={
      Object {
        "desc": "Learn Node",
        "done": false,
        "id": 2,
      }
    }
  />
</ul>
`;
