// Jest Snapshot v1, https://goo.gl/fbAQLP

exports[`Tests on <MultipleCustomHooks /> should show component correctly 1`] = `
<Fragment>
  <h1
    className="font-semibold mb-3"
  >
    Breaking Quotes
  </h1>
  <hr />
  <div
    className="bg-sky-200 bg-opacity-75 py-3 my-3 text-center"
  >
    Loading...
  </div>
  <button
    className="bg-blue-500 shadow-lg shadow-blue-500/50 rounded py-1 px-2 mt-3 text-white"
    onClick={[Function]}
  >
    Next quote
  </button>
</Fragment>
`;
