// Jest Snapshot v1, https://goo.gl/fbAQLP

exports[`Tests on <LoginScreen /> should show correctly 1`] = `
Array [
  <h1>
    LoginScreen
  </h1>,
  <hr />,
  <button
    className="bg-blue-500 shadow-lg shadow-blue-500/50 rounded py-1 px-2 mt-3 text-white"
    onClick={[Function]}
  >
    Login
  </button>,
]
`;
